<?xml version="1.0" encoding="UTF-8"?>
<TestRun id="b63c4220-d0bb-42e7-9a8d-f76a9263cf02" name="Сёмга@THEMOSTBRUTAL 2019-12-08 23:52:44" runUser="THEMOSTBRUTAL\Сёмга" xmlns="http://microsoft.com/schemas/VisualStudio/TeamTest/2010">
  <TestSettings name="Local" id="1acbab15-3883-481c-9f11-92d11888b18f">
    <Description>These are default test settings for a local test run.</Description>
    <Deployment userDeploymentRoot="E:\Visual Studio Tools\RandomStackGenerator\RandomStackGenerator\TestResults" useDefaultDeploymentRoot="false" enabled="false" runDeploymentRoot="Сёмга_THEMOSTBRUTAL 2019-12-08 23_52_44">
      <DeploymentItem filename="E:\Visual Studio Tools\RandomStackGenerator\RandomStackGenerator\RandomStackGenerator\bin\Debug\RandomStackGenerator.dll" />
    </Deployment>
    <Execution>
      <TestTypeSpecific />
      <AgentRule name="Execution Agents">
      </AgentRule>
    </Execution>
  </TestSettings>
  <Times creation="2019-12-08T23:52:44.4993472+10:00" queuing="2019-12-08T23:52:45.6244115+10:00" start="2019-12-08T23:52:45.7094164+10:00" finish="2019-12-08T23:53:23.8495979+10:00" />
  <ResultSummary outcome="Error">
    <Counters total="1" executed="1" error="0" failed="0" timeout="0" aborted="1" inconclusive="0" passedButRunAborted="0" notRunnable="0" notExecuted="0" disconnected="0" warning="0" passed="0" completed="0" inProgress="0" pending="0" />
    <RunInfos>
      <RunInfo computerName="THEMOSTBRUTAL" outcome="Error" timestamp="2019-12-08T23:53:23.8485978+10:00">
        <Text>Test host process exited unexpectedly.</Text>
      </RunInfo>
    </RunInfos>
  </ResultSummary>
  <TestDefinitions>
    <UnitTest name="GenTest" storage="e:\visual studio tools\randomstackgenerator\randomstackgenerator\gentest\bin\debug\gentest.dll" id="be5c5aed-692f-cefa-eb3f-2f5b7f45c000">
      <Execution id="344bceb1-8b96-49db-9e93-e1f4e86650f9" />
      <TestMethod codeBase="E:/Visual Studio Tools/RandomStackGenerator/RandomStackGenerator/GenTest/bin/Debug/GenTest.DLL" adapterTypeName="Microsoft.VisualStudio.TestTools.TestTypes.Unit.UnitTestAdapter, Microsoft.VisualStudio.QualityTools.Tips.UnitTest.Adapter, Version=10.0.0.0, Culture=neutral, PublicKeyToken=b03f5f7f11d50a3a" className="GenTest.RandStackTest, GenTest, Version=1.0.0.0, Culture=neutral, PublicKeyToken=null" name="GenTest" />
    </UnitTest>
  </TestDefinitions>
  <TestLists>
    <TestList name="Results Not in a List" id="8c84fa94-04c1-424b-9868-57a2d4851a1d" />
    <TestList name="All Loaded Results" id="19431567-8539-422a-85d7-44ee4e166bda" />
  </TestLists>
  <TestEntries>
    <TestEntry testId="be5c5aed-692f-cefa-eb3f-2f5b7f45c000" executionId="344bceb1-8b96-49db-9e93-e1f4e86650f9" testListId="8c84fa94-04c1-424b-9868-57a2d4851a1d" />
  </TestEntries>
  <Results>
    <UnitTestResult executionId="344bceb1-8b96-49db-9e93-e1f4e86650f9" testId="be5c5aed-692f-cefa-eb3f-2f5b7f45c000" testName="GenTest" computerName="THEMOSTBRUTAL" duration="00:00:38.0581768" startTime="2019-12-08T23:52:45.7914211+10:00" endTime="2019-12-08T23:53:23.8495979+10:00" testType="13cdc9d9-ddb5-4fa4-a97d-d965ccfc6d4b" outcome="Aborted" testListId="8c84fa94-04c1-424b-9868-57a2d4851a1d" relativeResultsDirectory="344bceb1-8b96-49db-9e93-e1f4e86650f9">
    </UnitTestResult>
  </Results>
</TestRun>